{
  "Resources": {
    "loggroupB02AAEB1": {
      "Type": "AWS::Logs::LogGroup",
      "Properties": {
        "RetentionInDays": 731
      },
      "UpdateReplacePolicy": "Retain",
      "DeletionPolicy": "Retain"
    },
    "TimerBF6F831F": {
      "Type": "AWS::Events::Rule",
      "Properties": {
        "ScheduleExpression": "rate(1 minute)",
        "State": "ENABLED",
        "Targets": [
          {
            "Arn": {
              "Fn::GetAtt": [
                "loggroupB02AAEB1",
                "Arn"
              ]
            },
            "Id": "Target0"
          }
        ]
      }
    },
    "Timer2B6F162E9": {
      "Type": "AWS::Events::Rule",
      "Properties": {
        "ScheduleExpression": "rate(2 minutes)",
        "State": "ENABLED",
        "Targets": [
          {
            "Arn": {
              "Fn::GetAtt": [
                "loggroupB02AAEB1",
                "Arn"
              ]
            },
            "Id": "Target0",
            "InputTransformer": {
              "InputPathsMap": {
                "f1": "$"
              },
              "InputTemplate": "{\"data\":<f1>}"
            }
          }
        ]
      }
    }
  }
}